xlink
xml:space
xml:lang
aria-grab
aria-channel
aria-secret
aria-templateid
aria-datatype
local
xchannelselector
ychannelselector
enable-background
calcmode
specularexponent
specularconstant
gradienttransform
gradientunits
rendering-intent
stddeviation
basefrequency
baseprofile
baseProfile
edgemode
repeatcount
repeatdur
spreadmethod
diffuseconstant
surfacescale
lengthadjust
origin
targetx
targety
pathlength
definitionurl
limitingconeangle
markerheight
markerwidth
maskunits
markerunits
maskcontentunits
tablevalues
primitiveunits
zoomandpan
kernelmatrix
kerning
kernelunitlength
pointsatx
pointsaty
pointsatz
xlink:href
xlink:title
xlink:role
xlink:arcrole
arcrole
xmlns:xlink
xlink:type
xlink:show
xlink:actuate
color-rendering
numoctaves
onmousewheel
clippathunits
glyph-orientation-vertical
glyph-orientation-horizontal
glyphref
keypoints
attributename
attributetype
startoffset
keysplines
preservealpha
preserveaspectratio
alttext
filterunits
keytimes
patterntransform
patternunits
patterncontentunits
stitchtiles
systemlanguage
textlength
requiredfeatures
requiredextensions
viewtarget
viewbox
refx
refy
fefunca
fefuncb
feblend
feflood
feturbulence
femergenode
feimage
femerge
fetile
fecomposite
altglyphdef
altGlyphDef
fefuncg
fediffuselighting
fespecularlighting
altglyph
altGlyph
clippath
textpath
altglyphitem
altGlyphItem
animatetransform
animatemotion
fedisplacementmap
animatecolor
fefuncr
fecomponenttransfer
fegaussianblur
foreignobject
feoffset
fespotlight
fepointlight
fedistantlight
lineargradient
radialgradient
fedropshadow
fecolormatrix
feconvolvematrix
femorphology
