[System Principal]

0
1
mozframetype
_moz_abspos
_moz_activated
_moz_anonclass
_moz_resizing
_moz-type
_moz_dirty
mozdisallowselectionprint
moz-do-not-send
moz-forward-container
_moz_generated_content_before
_moz_generated_content_after
_moz_generated_content_marker
_moz_generated_content_image
_moz_quote
moz-signature
-moz-is-glyph
_moz_original_size
-moz-print-preview
_moz-menuactive
#default
*
a
abbr
abort
above
acceltext
accept
accept-charset
accessible-node
accesskey
acronym
action
active
activateontab
actuate
address
adoptedsheetclones
after
align
alink
all
allow
allowdirs
allow-downloads
allowevents
allow-forms
allowfullscreen
allow-modals
allow-orientation-lock
allow-pointer-lock
allow-popups-to-escape-sandbox
allow-popups
allow-presentation
allow-storage-access-by-user-activation
allow-same-origin
allow-scripts
allowscriptstoclose
allow-top-navigation
allow-top-navigation-by-user-activation
allowuntrusted
alt
alternate
always
ancestor
ancestor-or-self
anchor
and
animations
anonid
anonlocation
any
any-hover
any-pointer
applet
apply-imports
apply-templates
archive
area
aria-activedescendant
aria-atomic
aria-autocomplete
aria-busy
aria-checked
aria-controls
aria-current
aria-describedby
aria-description
aria-disabled
aria-dropeffect
aria-expanded
aria-flowto
aria-haspopup
aria-hidden
aria-invalid
aria-labelledby
aria-level
aria-live
aria-multiline
aria-multiselectable
aria-owns
aria-posinset
aria-pressed
aria-readonly
aria-relevant
aria-required
aria-selected
aria-setsize
aria-sort
aria-valuemax
aria-valuemin
aria-valuenow
arrow
article
as
ascending
aside
aspect-ratio
async
attribute
attributes
attribute-set
auto
autocapitalize
autocheck
autocomplete
autocomplete-richlistbox
autofocus
autoplay
axis
b
background
bar
base
basefont
baseline
bdi
bdo
before
behavior
below
bgcolor
bgsound
big
binding
bindings
bindToUntrustedContent
black
block
blockquote
blur
body
boolean
border
bordercolor
both
bottom
bottomend
bottomstart
bottomleft
bottommargin
bottomright
box
br
browser
mozbrowser
button
brighttitlebarforeground
call-template
canvas
caption
caption-box
capture
case-order
cdata-section-elements
ceiling
cell
cellpadding
cellspacing
center
change
char
characterData
charcode
charoff
charset
checkbox
checkbox-label
checked
child
children
childList
choose
chromemargin
exposeToUntrustedContent
circ
circle
cite
class
classid
clear
click
clickcount
clickthrough
movetoclick
clip
close
closed
closemenu
code
codebase
codetype
col
colgroup
collapse
collapsed
color
color-index
cols
colspan
combobox
command
commandupdater
comment
compact
concat
constructor
consumeoutsideclicks
container
contains
content
contenteditable
content-disposition
content-language
content-location
content-script-type
content-style-type
content-type
consumeanchor
context
contextmenu
control
controls
coords
copy
copy-of
count
crop
crossorigin
curpos
current
cutoutregion
cycler
dashed
data
data-at-shortcutkeys
datalist
data-l10n-id
data-l10n-args
data-l10n-attrs
data-l10n-name
data-l10n-sync
data-type
date-time
date
datetime
datetime-input-box-wrapper
datetime-reset-button
dd
decimal
decimal-format
decimal-separator
declare
decoder-doctor
decoding
decrement
default
default-style
defer
del
deletion
deprecation
descendant
descendant-or-self
descending
description
destructor
details
device-aspect-ratio
device-height
device-pixel-ratio
device-width
dfn
dialog
difference
digit
dir
dirAutoSetBy
directory
disable-output-escaping
disabled
disableglobalhistory
disablehistory
disablefullscreen
disclosure-closed
disclosure-open
display
display-mode
distinct
div
dl
doc-abstract
doc-acknowledgments
doc-afterword
doc-appendix
doc-backlink
doc-biblioentry
doc-bibliography
doc-biblioref
doc-chapter
doc-colophon
doc-conclusion
doc-cover
doc-credit
doc-credits
doc-dedication
doc-endnote
doc-endnotes
doc-epigraph
doc-epilogue
doc-errata
doc-example
doc-footnote
doc-foreword
doc-glossary
doc-glossref
doc-index
doc-introduction
doc-noteref
doc-notice
doc-pagebreak
doc-pagelist
doc-part
doc-preface
doc-prologue
doc-pullquote
doc-qna
doc-subtitle
doc-tip
doc-toc
doctype-public
doctype-system
document
down
download
drag
draggable
dragging
dragSession
drawintitlebar
drawtitle
dropAfter
dropBefore
dropOn
dropmarker
dt
e
editable
editing
editor
element
element-available
elements
em
embed
empty
encoding
enctype
end
endEvent
enterkeyhint
equalsize
error
ethiopic-numeric
even
event
events
exclude-result-prefixes
exportparts
extends
extension-element-prefixes
face
fallback
false
farthest
feature-policy-violation
field
fieldset
file
figcaption
figure
findbar
fixed
flags
flex
flip
floating
floor
flowlength
focus
focused
followanchor
following
following-sibling
font
font-weight
footer
for
for-each
forced-colors
forceOwnRefreshDriver
form
formaction
format
format-number
formenctype
formmethod
formnovalidate
formtarget
frame
frameborder
frameset
from
fullscreenchange
fullscreenerror
function-available
generate-id
getter
graphics-document
graphics-object
graphics-symbol
grid
group
groups
groupbox
grouping-separator
grouping-size
grow
h1
h2
h3
h4
h5
h6
HandheldFriendly
handler
handlers
HARD
has-same-node
hbox
head
header
headers
hebrew
height
hgroup
hidden
hidechrome
hidecolumnpicker
high
highest
horizontal
hover
hr
href
hreflang
hsides
hspace
html
http-equiv
i
icon
id
if
iframe
ignorekeys
ignoreuserfocus
image
image-clicked-point
imagesizes
imagesrcset
img
implementation
implements
import
include
includes
incontentshell
increment
indent
indeterminate
index
inert
infinity
inherits
inherit-overflow
inheritstyle
initial-scale
input
inputmode
ins
insertafter
insertbefore
insertion
integer
integrity
internals
intersection
intersectionobserverlist
is
ismap
itemid
itemprop
itemref
itemscope
itemtype
japanese-formal
japanese-informal
kbd
keepcurrentinview
keepobjectsalive
key
keycode
keydown
keygen
keypress
keyset
keysystem
keyup
kind
korean-hangul-formal
korean-hanja-formal
korean-hanja-informal
label
lang
language
last
layer
LayerActivity
leading
leaf
left
leftmargin
legend
length
letter-value
level
lhs
li
line
link
linkset
list
listbox
listener
listheader
listing
listitem
load
loading
triggeringprincipal
localedir
local-name
localization
longdesc
loop
low
lower-first
lowest
lowsrc
ltr
lwtheme
lwthemetextcolor
main
map
manifest
margin-bottom
margin-left
margin-right
margin-top
marginheight
marginwidth
mark
marquee
match
max
maxheight
maximum-scale
maxlength
maxpos
maxwidth
media
media-type
menu
menubar
menubutton
menucaption
menugroup
menuitem
menulist
menupopup
menuseparator
mesh
message
meta
referrer
referrerpolicy
renderroot
referrer-policy
meter
method
middle
min
minheight
minimum-scale
minlength
minpos
minus-sign
minwidth
mixed
messagemanagergroup
mod
mode
modifiers
monochrome
mouseover
moz-accessiblecaret
moz-custom-content-container
mozGrabber
-moz-native-anonymous
mozprivatebrowsing
mozResizer
mozResizingInfo
mozResizingShadow
mozTableAddColumnAfter
mozTableAddColumnBefore
mozTableAddRowAfter
mozTableAddRowBefore
mozTableRemoveRow
mozTableRemoveColumn
moz-opaque
mozactionhint
multicol
multiple
muted
name
namespace
namespace-alias
namespace-uri
NaN
n
nativeAnonymousChildList
nav
ne
never
new
newline
nextRemoteTabId
no
noautofocus
noautohide
norolluponanchor
no-bar
nobr
nodefaultsrc
node-set
noembed
noframes
nohref
nomodule
nonce
none
noresize
normal
normalize-space
noscript
noshade
notification
novalidate
not
nowrap
number
nw
object
object-type
observes
odd
OFF
ol
omit-xml-declaration
onabort
onmozaccesskeynotfound
onactivate
onafterprint
onafterscriptexecute
onanimationcancel
onanimationend
onanimationiteration
onanimationstart
onAppCommand
onaudioprocess
onauxclick
onbeforecopy
onbeforecut
onbeforeinput
onbeforepaste
onbeforeprint
onbeforescriptexecute
onbeforeunload
onblocked
onblur
onbounce
onboundschange
onbroadcast
onbufferedamountlow
oncached
oncancel
onchange
onchargingchange
onchargingtimechange
onchecking
onCheckboxStateChange
onCheckKeyPressEventModel
onclick
onclose
oncommand
oncommandupdate
oncomplete
oncompositionend
oncompositionstart
oncompositionupdate
onconnect
onconnectionavailable
oncontextmenu
oncopy
oncut
ondblclick
ondischargingtimechange
ondownloading
onDOMActivate
onDOMAttrModified
onDOMCharacterDataModified
onDOMFocusIn
onDOMFocusOut
onDOMMouseScroll
onDOMNodeInserted
onDOMNodeInsertedIntoDocument
onDOMNodeRemoved
onDOMNodeRemovedFromDocument
onDOMSubtreeModified
ondata
ondrag
ondragdrop
ondragend
ondragenter
ondragexit
ondragleave
ondragover
ondragstart
ondrain
ondrop
onerror
onfinish
onfocus
onfocusin
onfocusout
onfullscreenchange
onfullscreenerror
onget
onhashchange
oninput
oninputsourceschange
oninstall
oninvalid
onkeydown
onkeypress
onkeyup
onlanguagechange
onlevelchange
onload
onloading
onloadingdone
onloadingerror
onpopstate
only
onmerchantvalidation
onmessage
onmessageerror
onmidimessage
onmousedown
onmouseenter
onmouseleave
onmouselongtap
onmousemove
onmouseout
onmouseover
onMozMouseHittest
onmouseup
onMozAfterPaint
onmozfullscreenchange
onmozfullscreenerror
onmozkeydownonplugin
onmozkeyuponplugin
onmozpointerlockchange
onmozpointerlockerror
onMozMousePixelScroll
onMozScrolledAreaChanged
onmute
onnotificationclick
onnotificationclose
onnoupdate
onobsolete
ononline
onoffline
onopen
onorientationchange
onoverflow
onpagehide
onpageshow
onpaste
onpayerdetailchange
onpaymentmethodchange
onpointerlockchange
onpointerlockerror
onpopuphidden
onpopuphiding
onpopuppositioned
onpopupshowing
onpopupshown
onprocessorerror
onpush
onpushsubscriptionchange
onRadioStateChange
onreadystatechange
onrejectionhandled
onremove
onrequestprogress
onresourcetimingbufferfull
onresponseprogress
onRequest
onreset
onresize
onscroll
onselect
onselectionchange
onselectend
onselectstart
onset
onshippingaddresschange
onshippingoptionchange
onshow
onsqueeze
onsqueezeend
onsqueezestart
onstatechange
onstorage
onsubmit
onsuccess
ontypechange
onterminate
ontext
ontoggle
ontonechange
ontouchstart
ontouchend
ontouchmove
ontouchcancel
ontransitioncancel
ontransitionend
ontransitionrun
ontransitionstart
onunderflow
onunhandledrejection
onunload
onunmute
onupdatefound
onupdateready
onupgradeneeded
onversionchange
onvisibilitychange
onvoiceschanged
onvrdisplayactivate
onvrdisplayconnect
onvrdisplaydeactivate
onvrdisplaydisconnect
onvrdisplaypresentchange
onwebkitAnimationEnd
onwebkitAnimationIteration
onwebkitAnimationStart
onwebkitTransitionEnd
onwebkitanimationend
onwebkitanimationiteration
onwebkitanimationstart
onwebkittransitionend
onwheel
open
optgroup
optimum
option
or
order
orient
orientation
otherwise
output
overflow
overflow-block
overflow-inline
overlay
p
pack
page
pageincrement
paint-order
panel
paragraph
param
parameter
parent
parentfocused
parsererror
part
password
pattern
pattern-separator
per-mille
percent
persist
phase
picture
ping
pinned
placeholder
plaintext
playbackrate
point-size
poly
polygon
popup
popupalign
popupanchor
popupgroup
popupset
popupsinherittooltip
position
poster
pre
preceding
preceding-sibling
prefers-reduced-motion
prefers-color-scheme
prefers-contrast
prefix
preload
mozpresentation
preserve
preserve-space
preventdefault
preview-div
primary
print
printselectionranges
priority
processing-instruction
profile
progress
prompt
properties
property
pubdate
q
radio
radio-label
radiogroup
range
readonly
rect
rectangle
refresh
rel
rem
remote
removeelement
renderingobserverset
repeat
replace
requestcontextid
required
reserved
reset
resizeafter
resizebefore
resizer
resolution
resources
result
result-prefix
retargetdocumentfocus
rev
reverse
reversed
rhs
richlistbox
richlistitem
right
rightmargin
role
rolluponmousewheel
round
row
rows
rowspan
rb
rp
rt
rtc
rtl
ruby
ruby-base
ruby-base-container
ruby-text
ruby-text-container
rules
s
safe-area-inset-top
safe-area-inset-bottom
safe-area-inset-left
safe-area-inset-right
samp
sandbox
sbattr
scale
scan
scheme
scope
scoped
screen
screenX
screenY
script
scrollbar
scrollbar-thumb
scrollamount
scrollbarbutton
scrollbar-down-bottom
scrollbar-down-top
scrollbar-up-bottom
scrollbar-up-top
scrollbox
scrollcorner
scrolldelay
scrolling
scroll-position
se
section
select
selected
selectedIndex
selectedindex
self
seltype
set-cookie
setter
shadow
shape
show
showcaret
simple
simp-chinese-formal
simp-chinese-informal
single
size
sizes
sizemode
sizetopopup
slider
small
smooth
snap
solid
sort
sortActive
sortDirection
sorted
sorthints
source
sourcetext
space
spacer
span
spellcheck
split
splitter
square
src
srcdoc
srclang
srcset
standalone
standby
start
starts-with
state
statusbar
step
stop
stretch
strike
string
string-length
strip-space
strong
style
stylesheet
stylesheet-prefix
submit
substate
substring
substring-after
substring-before
sub
suggestion
sum
sup
summary
sw
switch
system-property
tab
tabindex
table
tabpanel
tabpanels
tag
target
targets
tbody
td
template
text-decoration
terminate
term
test
text
text-align
textarea
textbox
text-link
textNodeDirectionalityMap
text-overlay
tfoot
th
thead
thumb
time
title
titlebar
titletip
token
tokenize
toolbar
toolbarbutton
toolbaritem
toolbarpaletteitem
toolbox
tooltip
tooltiptext
top
topleft
topmargin
topright
tr
track
trad-chinese-formal
trad-chinese-informal
trailing
transform
transform-3d
transformiix
translate
transparent
tree
treecell
treechildren
treecol
treecolpicker
treecols
treeitem
treerow
treeseparator
true
truespeed
tt
type
u
ul
unparsed-entity-uri
up
upper-first
use
use-attribute-sets
usemap
user-scalable
validate
valign
value
values
value-of
valuetype
var
variable
vendor
vendor-url
version
vertical
audio
video
viewport
viewport-fit
viewport-height
viewport-initial-scale
viewport-maximum-scale
viewport-minimum-scale
viewport-user-scalable
viewport-width
visibility
visuallyselected
vlink
void
vsides
vspace
w
wbr
webkitdirectory
when
white
width
will-change
window
window-target
windowtype
with-param
wrap
x-dns-prefetch-control
content-security-policy
content-security-policy-report-only
x-frame-options
x-western
xml
xml-stylesheet
xmlns
xmp
xul
yes
z-index
zero-digit
zlevel
%
A
alignment-baseline
amplitude
animate
animateColor
animateMotion
animateTransform
arithmetic
atop
azimuth
B
background-color
background-image
baseFrequency
baseline-shift
bias
caption-side
clip-path
clip-rule
clipPath
clipPathUnits
cm
color-burn
color-dodge
color-interpolation
color-interpolation-filters
color-profile
cursor
cx
cy
d
darken
defs
deg
desc
diffuseConstant
dilate
direction
disable
disc
discrete
divisor
dominant-baseline
duplicate
dx
dy
edgeMode
ellipse
elevation
erode
ex
exact
exclusion
exponent
feBlend
feColorMatrix
feComponentTransfer
feComposite
feConvolveMatrix
feDiffuseLighting
feDisplacementMap
feDistantLight
feDropShadow
feFlood
feFuncA
feFuncB
feFuncG
feFuncR
feGaussianBlur
feImage
feMerge
feMergeNode
feMorphology
feOffset
fePointLight
feSpecularLighting
feSpotLight
feTile
feTurbulence
fill
fill-opacity
fill-rule
filter
filterUnits
float
flood-color
flood-opacity
font-face
font-face-format
font-face-name
font-face-src
font-face-uri
font-family
font-size
font-size-adjust
font-stretch
font-style
font-variant
foreignObject
fractalNoise
fr
fx
fy
G
g
gamma
glyphRef
grad
gradientTransform
gradientUnits
hard-light
hue
hueRotate
identity
image-rendering
in
in2
intercept
k1
k2
k3
k4
kernelMatrix
kernelUnitLength
lengthAdjust
letter-spacing
lighten
lighting-color
limitingConeAngle
linear
linearGradient
list-item
list-style-type
luminanceToAlpha
luminosity
magnify
marker
marker-end
marker-mid
marker-start
markerHeight
markerUnits
markerWidth
mask
maskContentUnits
mask-type
maskUnits
matrix
metadata
missing-glyph
mm
mpath
noStitch
numOctaves
multiply
objectBoundingBox
offset
onSVGLoad
onSVGScroll
onzoom
opacity
operator
out
over
overridePreserveAspectRatio
pad
path
pathLength
patternContentUnits
patternTransform
patternUnits
pc
pointer
pointer-events
points
pointsAtX
pointsAtY
pointsAtZ
polyline
preserveAlpha
preserveAspectRatio
primitiveUnits
pt
px
R
r
rad
radialGradient
radius
reflect
refX
refY
requiredExtensions
requiredFeatures
rotate
rx
ry
saturate
saturation
set
seed
shape-rendering
simpleScopeChain
skewX
skewY
slope
slot
soft-light
spacing
spacingAndGlyphs
specularConstant
specularExponent
spreadMethod
startOffset
stdDeviation
stitch
stitchTiles
stop-color
stop-opacity
stroke
stroke-dasharray
stroke-dashoffset
stroke-linecap
stroke-linejoin
stroke-miterlimit
stroke-opacity
stroke-width
strokeWidth
surfaceScale
svg
switch
symbol
systemLanguage
tableValues
targetX
targetY
text-anchor
text-rendering
textLength
textPath
transform-origin
tref
tspan
turbulence
unicode-bidi
userSpaceOnUse
view
viewBox
viewTarget
white-space
word-spacing
writing-mode
x
x1
x2
xChannelSelector
xor
y
y1
y2
yChannelSelector
z
zoomAndPan
vector-effect
vertical-align
accumulate
additive
attributeName
attributeType
auto-reverse
begin
beginEvent
by
calcMode
dur
keyPoints
keySplines
keyTimes
_mozAnimateMotionDummyAttr
onbegin
onbeginEvent
onend
onendEvent
onrepeat
onrepeatEvent
repeatCount
repeatDur
repeatEvent
restart
to
abs
accent
accentunder
actiontype
alignmentscope
altimg
altimg-height
altimg-valign
altimg-width
annotation
annotation-xml
apply
approx
arccos
arccosh
arccot
arccoth
arccsc
arccsch
arcsec
arcsech
arcsin
arcsinh
arctan
arctanh
arg
bevelled
bind
bvar
card
cartesianproduct
cbytes
cd
cdgroup
cerror
charalign
ci
closure
cn
codomain
columnalign
columnalignment
columnlines
columnspacing
columnspan
columnwidth
complexes
compose
condition
conjugate
cos
cosh
cot
coth
crossout
csc
csch
cs
csymbol
csp
curl
decimalpoint
definitionURL
degree
denomalign
depth
determinant
diff
displaystyle
divergence
divide
domain
domainofapplication
edge
el
emptyset
eq
equalcolumns
equalrows
equivalent
eulergamma
exists
exp
exponentiale
factorial
factorof
fence
fn
fontfamily
fontsize
fontstyle
fontweight
forall
framespacing
gcd
geq
groupalign
gt
ident
imaginaryi
imaginary
implies
indentalignfirst
indentalign
indentalignlast
indentshiftfirst
indentshift
indenttarget
integers
intersect
interval
int
inverse
lambda
laplacian
largeop
lcm
leq
limit
linebreak
linebreakmultchar
linebreakstyle
linethickness
list
ln
location
logbase
log
longdivstyle
lowlimit
lquote
lspace
lt
maction
maligngroup
malignmark
mathbackground
mathcolor
mathsize
mathvariant
matrixrow
maxsize
mean
median
menclose
merror
mfenced
mfrac
mglyph
mi
minlabelspacing
minsize
minus
mlabeledtr
mlongdiv
mmultiscripts
mn
momentabout
moment
mo
movablelimits
mover
mpadded
mphantom
mprescripts
mroot
mrow
mscarries
mscarry
msgroup
msline
ms
mspace
msqrt
msrow
mstack
mstyle
msub
msubsup
msup
mtable
mtd
mtext
mtr
munder
munderover
naturalnumbers
neq
notanumber
notation
note
notin
notprsubset
notsubset
numalign
other
outerproduct
partialdiff
piece
piecewise
pi
plus
power
primes
product
prsubset
quotient
rationals
real
reals
reln
root
rowalign
rowlines
rowspacing
rquote
rspace
scalarproduct
schemaLocation
scriptlevel
scriptminsize
scriptsizemultiplier
scriptsize
sdev
sech
sec
selection
selector
semantics
separator
separators
sep
setdiff
set
share
shift
side
sinh
sin
stackalign
stretchy
subscriptshift
subset
superscriptshift
symmetric
tanh
tan
tendsto
times
transpose
union
uplimit
variance
vectorproduct
vector
voffset
xref
math
boolean-from-string
count-non-empty
days-from-date
seconds-from-dateTime
onMozSwipeGestureMayStart
onMozSwipeGestureStart
onMozSwipeGestureUpdate
onMozSwipeGestureEnd
onMozSwipeGesture
onMozMagnifyGestureStart
onMozMagnifyGestureUpdate
onMozMagnifyGesture
onMozRotateGestureStart
onMozRotateGestureUpdate
onMozRotateGesture
onMozTapGesture
onMozPressTapGesture
onMozEdgeUIStarted
onMozEdgeUICanceled
onMozEdgeUICompleted
onpointerdown
onpointermove
onpointerup
onpointercancel
onpointerover
onpointerout
onpointerenter
onpointerleave
ongotpointercapture
onlostpointercapture
ondevicemotion
ondeviceorientation
onabsolutedeviceorientation
ondeviceproximity
onmozorientationchange
onuserproximity
ondevicelight
ondevicechange
onmozvisualresize
onmozvisualscroll
onDOMAutoComplete
onDOMContentLoaded
onDOMDocElementInserted
onDOMFormBeforeSubmit
onDOMFormHasPassword
onDOMFrameContentLoaded
onDOMHeadElementParsed
onDOMInputPasswordAdded
onDOMLinkAdded
onDOMLinkChanged
onDOMMetaAdded
onDOMMetaChanged
onDOMMetaRemoved
onDOMPopupBlocked
onDOMTitleChanged
onDOMWindowClose
onDOMWindowCreated
onDOMWindowFocus
onFullZoomChange
onGloballyAutoplayBlocked
onHiddenPlugin
onMozApplicationManifest
onMozDOMFullscreen:Entered
onMozDOMFullscreen:Exit
onMozDOMFullscreen:Exited
onMozDOMFullscreen:NewOrigin
onMozDOMFullscreen:Request
onMozDOMPointerLock:Entered
onMozDOMPointerLock:Exited
onMozInvalidForm
onMozLocalStorageChanged
onMozOpenDateTimePicker
onMozSessionStorageChanged
onMozTogglePictureInPicture
onPluginBindingAttached
onPluginCrashed
onPluginInstantiated
onPluginOutdated
onPluginRemoved
onPrintingError
onTextZoomChange
onUAWidgetSetupOrChange
onUAWidgetTeardown
onUnselectedTabHover:Disable
onUnselectedTabHover:Enable
onmozshowdropdown
onmozshowdropdown-sourcetouch
onprintPreviewUpdate
onscrollend
moz-extension
<all_urls>
clipboardRead
clipboardWrite
debugger
mozillaAddons
tabs
webRequestBlocking
http
https
proxy
internal:privateBrowsingAllowed
decimal-leading-zero
arabic-indic
armenian
upper-armenian
lower-armenian
bengali
cambodian
khmer
cjk-decimal
devanagari
georgian
gujarati
gurmukhi
kannada
lao
malayalam
mongolian
myanmar
oriya
persian
lower-roman
upper-roman
tamil
telugu
thai
tibetan
lower-alpha
lower-latin
upper-alpha
upper-latin
cjk-heavenly-stem
cjk-earthly-branch
lower-greek
hiragana
hiragana-iroha
katakana
katakana-iroha
cjk-ideographic
-moz-arabic-indic
-moz-persian
-moz-urdu
-moz-devanagari
-moz-bengali
-moz-gurmukhi
-moz-gujarati
-moz-oriya
-moz-tamil
-moz-telugu
-moz-kannada
-moz-malayalam
-moz-thai
-moz-lao
-moz-myanmar
-moz-khmer
-moz-cjk-heavenly-stem
-moz-cjk-earthly-branch
-moz-hangul
-moz-hangul-consonant
-moz-ethiopic-halehame
-moz-ethiopic-halehame-am
-moz-ethiopic-halehame-ti-er
-moz-ethiopic-halehame-ti-et
-moz-trad-chinese-informal
-moz-trad-chinese-formal
-moz-simp-chinese-informal
-moz-simp-chinese-formal
-moz-japanese-informal
-moz-japanese-formal
-moz-ethiopic-numeric
#cdata-section
#comment
#document
#document-fragment
#document-type
#processing-instruction
#text
PlaceholderFrame
onloadend
onloadstart
onprogress
onsuspend
onemptied
onstalled
onplay
onpause
onloadedmetadata
onloadeddata
onwaiting
onplaying
oncanplay
oncanplaythrough
onseeking
onseeked
ontimeout
ontimeupdate
onended
onformdata
onratechange
ondurationchange
onvolumechange
onaddtrack
oncontrollerchange
oncuechange
onenter
onexit
onencrypted
onwaitingforkey
onkeystatuseschange
onremovetrack
loadstart
suspend
emptied
play
pause
loadedmetadata
loadeddata
waiting
playing
timeupdate
canplay
canplaythrough
ondataavailable
onwarning
onstart
onstop
onphoto
ongamepadbuttondown
ongamepadbuttonup
ongamepadaxismove
ongamepadconnected
ongamepaddisconnected
onfetch
afterPseudoProperty
AnimationsProperty
AnimationsOfBeforeProperty
AnimationsOfAfterProperty
AnimationsOfMarkerProperty
AnimationEffectsProperty
AnimationsEffectsForBeforeProperty
AnimationsEffectsForAfterProperty
AnimationsEffectsForMarkerProperty
beforePseudoProperty
CSSPseudoElementBeforeProperty
CSSPseudoElementAfterProperty
CSSPseudoElementMarkerProperty
TransitionsProperty
TransitionsOfBeforeProperty
TransitionsOfAfterProperty
TransitionsOfMarkerProperty
QuoteNodeProperty
LabelMouseDownPtProperty
lockedStyleStates
apzCallbackTransform
ApzDisabled
restylableAnonymousNode
docLevelNativeAnonymousContent
PaintRequestTime
PseudoProperty
ManualNACProperty
markerPseudoProperty
ja
zh-CN
zh-TW
zh-HK
x-unicode
ko
zh-cn
zh-tw
x-cyrillic
he
ar
x-devanagari
x-tamil
x-armn
x-beng
x-cans
x-ethi
x-geor
x-gujr
x-guru
x-khmr
x-knda
x-mlym
x-orya
x-sinh
x-telu
x-tibt
az
ba
crh
el
ga
lt
nl
x-math
zh
Typing
IME
Deleting
serif
sans-serif
cursive
fantasy
monospace
-moz-fixed
remote
_remote_id
remoteType
_displayport
_displayportmargins
_displayportbase
forcemessagemanager
preloadedState
initialBrowsingContextGroupId
windows-win7
windows-win8
windows-win10
-moz-scrollbar-start-backward
-moz-scrollbar-start-forward
-moz-scrollbar-end-backward
-moz-scrollbar-end-forward
-moz-scrollbar-thumb-proportional
-moz-overlay-scrollbars
-moz-windows-accent-color-in-titlebar
-moz-windows-default-theme
-moz-mac-graphite-theme
-moz-mac-yosemite-theme
-moz-windows-compositor
-moz-windows-classic
-moz-windows-glass
-moz-os-version
-moz-menubar-drag
-moz-device-pixel-ratio
-moz-device-orientation
-moz-is-resource-document
-moz-swipe-animation-enabled
-moz-gtk-csd-available
-moz-gtk-csd-hide-titlebar-by-default
-moz-gtk-csd-transparent-background
-moz-gtk-csd-minimize-button
-moz-gtk-csd-maximize-button
-moz-gtk-csd-close-button
-moz-gtk-csd-reversed-placement
-moz-system-dark-theme
Back
Forward
Reload
Stop
Search
Bookmarks
Home
NextTrack
PreviousTrack
MediaStop
PlayPause
New
Open
Close
Save
Find
Help
Print
SendMail
ForwardMail
ReplyToMail
alert
alertdialog
application
aria-colcount
aria-colindex
aria-colindextext
aria-colspan
aria-details
aria-errormessage
aria-grabbed
aria-keyshortcuts
aria-label
aria-modal
aria-orientation
aria-placeholder
aria-roledescription
aria-rowcount
aria-rowindex
aria-rowindextext
aria-rowspan
aria-valuetext
auto-generated
banner
checkable
columnheader
complementary
container-atomic
container-busy
container-live
container-live-role
container-relevant
contentinfo
cycles
datatable
event-from-input
feed
grammar
gridcell
heading
hitregion
inline
invalid
line-number
live
menuitemcheckbox
menuitemradio
mixed
navigation
polite
posinset
presentation
progressbar
region
rowgroup
rowheader
search
searchbox
setsize
spelling
spinbutton
status
table-cell-index
tablist
text-indent
text-input-type
text-line-through-color
text-line-through-style
text-position
text-underline-color
text-underline-style
timer
toolbarname
toolbarseparator
toolbarspacer
toolbarspring
treegrid
undefined
xml-roles
close-fence
denominator
numerator
open-fence
overscript
presubscript
presuperscript
root-index
subscript
superscript
underscript
onaudiostart
onaudioend
onsoundstart
onsoundend
onspeechstart
onspeechend
onresult
onnomatch
onresume
onmark
onboundary
onactivated
ondeactivated
onmetadatachange
onplaybackstatechange
onpositionstatechange
onsupportedkeyschange
usercontextid
geckoViewSessionContextId
http://www.w3.org/2000/xmlns/
http://www.w3.org/XML/1998/namespace
http://www.w3.org/1999/xhtml
http://www.w3.org/1999/xlink
http://www.w3.org/1999/XSL/Transform
http://www.w3.org/1998/Math/MathML
http://www.w3.org/1999/02/22-rdf-syntax-ns#
http://www.mozilla.org/keymaster/gatekeeper/there.is.only.xul
http://www.w3.org/2000/svg
http://www.mozilla.org/newlayout/xml/parsererror.xml
onsourceopen
onsourceended
onsourceclosed
onupdatestart
onupdate
onupdateend
onaddsourcebuffer
onremovesourcebuffer
about
ID
nodeID
aboutEach
resource
RDF
Description
Bag
Seq
Alt
li
xmlns
parseType
XCurProcD
GreD
GreBinD
TmpD
CurProcD
CurWorkD
Home
Desk
MozBinD
SysD
ULibDir
DfltDwnld
LocApp
UsrPrfs
Pct
WinD
ProgF
Progs
Favs
AppData
LocalAppData
LocalAppDataLow
LowTmpDBase
CookD
:after
:before
:marker
:backdrop
:cue
:first-letter
:first-line
:selection
:-moz-focus-inner
:-moz-focus-outer
:-moz-complex-control-wrapper
:-moz-number-spin-box
:-moz-number-spin-up
:-moz-number-spin-down
:-moz-search-clear-button
:-moz-progress-bar
:-moz-range-track
:-moz-range-progress
:-moz-range-thumb
:-moz-meter-bar
:placeholder
:-moz-color-swatch
:-moz-text-control-editing-root
:-moz-text-control-preview
:file-selector-button
:-moz-oof-placeholder
:-moz-hframeset-border
:-moz-vframeset-border
:-moz-frameset-blank
:-moz-table-column-group
:-moz-table-column
:-moz-pagebreak
:-moz-column-span-wrapper
:-moz-text
:-moz-first-letter-continuation
:-moz-block-inside-inline-wrapper
:-moz-mathml-anonymous-block
:-moz-xul-anonymous-block
:-moz-line-frame
:-moz-button-content
:-moz-cell-content
:-moz-dropdown-list
:-moz-fieldset-content
:-moz-display-comboboxcontrol-frame
:-moz-html-canvas-content
:-moz-inline-table
:-moz-table
:-moz-table-cell
:-moz-table-wrapper
:-moz-table-row-group
:-moz-table-row
:-moz-canvas
:-moz-page
:-moz-pagecontent
:-moz-page-sequence
:-moz-printed-sheet
:-moz-scrolled-content
:-moz-scrolled-canvas
:-moz-scrolled-page-sequence
:-moz-column-set
:-moz-column-content
:-moz-viewport
:-moz-viewport-scroll
:-moz-anonymous-flex-item
:-moz-anonymous-grid-item
:-moz-block-ruby-content
:-moz-ruby
:-moz-ruby-base
:-moz-ruby-base-container
:-moz-ruby-text
:-moz-ruby-text-container
:-moz-tree-column
:-moz-tree-row
:-moz-tree-separator
:-moz-tree-cell
:-moz-tree-indentation
:-moz-tree-line
:-moz-tree-twisty
:-moz-tree-image
:-moz-tree-cell-text
:-moz-tree-checkbox
:-moz-tree-drop-feedback
:-moz-svg-marker-anon-child
:-moz-svg-outer-svg-anon-child
:-moz-svg-foreign-content
:-moz-svg-text
